Archive member included to satisfy reference by file (symbol)

d:/stm32/stm32ide/stm32cubeide_1.3.0/stm32cubeide/plugins/com.st.stm32cube.ide.mcu.externaltools.gnu-tools-for-stm32.9-2020-q2-update.win32_1.5.0.202011040924/tools/bin/../lib/gcc/arm-none-eabi/9.3.1/../../../../arm-none-eabi/lib/thumb/v6-m/nofp\libc_nano.a(lib_a-errno.o)
                              Core/Src/syscalls.o (__errno)
d:/stm32/stm32ide/stm32cubeide_1.3.0/stm32cubeide/plugins/com.st.stm32cube.ide.mcu.externaltools.gnu-tools-for-stm32.9-2020-q2-update.win32_1.5.0.202011040924/tools/bin/../lib/gcc/arm-none-eabi/9.3.1/../../../../arm-none-eabi/lib/thumb/v6-m/nofp\libc_nano.a(lib_a-exit.o)
                              d:/stm32/stm32ide/stm32cubeide_1.3.0/stm32cubeide/plugins/com.st.stm32cube.ide.mcu.externaltools.gnu-tools-for-stm32.9-2020-q2-update.win32_1.5.0.202011040924/tools/bin/../lib/gcc/arm-none-eabi/9.3.1/../../../../arm-none-eabi/lib/thumb/v6-m/nofp/crt0.o (exit)
d:/stm32/stm32ide/stm32cubeide_1.3.0/stm32cubeide/plugins/com.st.stm32cube.ide.mcu.externaltools.gnu-tools-for-stm32.9-2020-q2-update.win32_1.5.0.202011040924/tools/bin/../lib/gcc/arm-none-eabi/9.3.1/../../../../arm-none-eabi/lib/thumb/v6-m/nofp\libc_nano.a(lib_a-impure.o)
                              d:/stm32/stm32ide/stm32cubeide_1.3.0/stm32cubeide/plugins/com.st.stm32cube.ide.mcu.externaltools.gnu-tools-for-stm32.9-2020-q2-update.win32_1.5.0.202011040924/tools/bin/../lib/gcc/arm-none-eabi/9.3.1/../../../../arm-none-eabi/lib/thumb/v6-m/nofp\libc_nano.a(lib_a-exit.o) (_global_impure_ptr)
d:/stm32/stm32ide/stm32cubeide_1.3.0/stm32cubeide/plugins/com.st.stm32cube.ide.mcu.externaltools.gnu-tools-for-stm32.9-2020-q2-update.win32_1.5.0.202011040924/tools/bin/../lib/gcc/arm-none-eabi/9.3.1/../../../../arm-none-eabi/lib/thumb/v6-m/nofp\libc_nano.a(lib_a-init.o)
                              d:/stm32/stm32ide/stm32cubeide_1.3.0/stm32cubeide/plugins/com.st.stm32cube.ide.mcu.externaltools.gnu-tools-for-stm32.9-2020-q2-update.win32_1.5.0.202011040924/tools/bin/../lib/gcc/arm-none-eabi/9.3.1/../../../../arm-none-eabi/lib/thumb/v6-m/nofp/crt0.o (__libc_init_array)
d:/stm32/stm32ide/stm32cubeide_1.3.0/stm32cubeide/plugins/com.st.stm32cube.ide.mcu.externaltools.gnu-tools-for-stm32.9-2020-q2-update.win32_1.5.0.202011040924/tools/bin/../lib/gcc/arm-none-eabi/9.3.1/../../../../arm-none-eabi/lib/thumb/v6-m/nofp\libc_nano.a(lib_a-memset.o)
                              d:/stm32/stm32ide/stm32cubeide_1.3.0/stm32cubeide/plugins/com.st.stm32cube.ide.mcu.externaltools.gnu-tools-for-stm32.9-2020-q2-update.win32_1.5.0.202011040924/tools/bin/../lib/gcc/arm-none-eabi/9.3.1/../../../../arm-none-eabi/lib/thumb/v6-m/nofp/crt0.o (memset)
d:/stm32/stm32ide/stm32cubeide_1.3.0/stm32cubeide/plugins/com.st.stm32cube.ide.mcu.externaltools.gnu-tools-for-stm32.9-2020-q2-update.win32_1.5.0.202011040924/tools/bin/../lib/gcc/arm-none-eabi/9.3.1/thumb/v6-m/nofp\libgcc.a(_udivsi3.o)
                              Core/Src/system_stm32f0xx.o (__aeabi_uidiv)
d:/stm32/stm32ide/stm32cubeide_1.3.0/stm32cubeide/plugins/com.st.stm32cube.ide.mcu.externaltools.gnu-tools-for-stm32.9-2020-q2-update.win32_1.5.0.202011040924/tools/bin/../lib/gcc/arm-none-eabi/9.3.1/thumb/v6-m/nofp\libgcc.a(_dvmd_tls.o)
                              d:/stm32/stm32ide/stm32cubeide_1.3.0/stm32cubeide/plugins/com.st.stm32cube.ide.mcu.externaltools.gnu-tools-for-stm32.9-2020-q2-update.win32_1.5.0.202011040924/tools/bin/../lib/gcc/arm-none-eabi/9.3.1/thumb/v6-m/nofp\libgcc.a(_udivsi3.o) (__aeabi_idiv0)

Allocating common symbols
Common symbol       size              file

uwTick              0x4               Drivers/STM32F0xx_HAL_Driver/Src/stm32f0xx_hal.o
pFlash              0x20              Drivers/STM32F0xx_HAL_Driver/Src/stm32f0xx_hal_flash.o

Discarded input sections

 .text          0x0000000000000000        0x0 d:/stm32/stm32ide/stm32cubeide_1.3.0/stm32cubeide/plugins/com.st.stm32cube.ide.mcu.externaltools.gnu-tools-for-stm32.9-2020-q2-update.win32_1.5.0.202011040924/tools/bin/../lib/gcc/arm-none-eabi/9.3.1/thumb/v6-m/nofp/crti.o
 .data          0x0000000000000000        0x0 d:/stm32/stm32ide/stm32cubeide_1.3.0/stm32cubeide/plugins/com.st.stm32cube.ide.mcu.externaltools.gnu-tools-for-stm32.9-2020-q2-update.win32_1.5.0.202011040924/tools/bin/../lib/gcc/arm-none-eabi/9.3.1/thumb/v6-m/nofp/crti.o
 .bss           0x0000000000000000        0x0 d:/stm32/stm32ide/stm32cubeide_1.3.0/stm32cubeide/plugins/com.st.stm32cube.ide.mcu.externaltools.gnu-tools-for-stm32.9-2020-q2-update.win32_1.5.0.202011040924/tools/bin/../lib/gcc/arm-none-eabi/9.3.1/thumb/v6-m/nofp/crti.o
 .data          0x0000000000000000        0x4 d:/stm32/stm32ide/stm32cubeide_1.3.0/stm32cubeide/plugins/com.st.stm32cube.ide.mcu.externaltools.gnu-tools-for-stm32.9-2020-q2-update.win32_1.5.0.202011040924/tools/bin/../lib/gcc/arm-none-eabi/9.3.1/thumb/v6-m/nofp/crtbegin.o
[...]
Memory Configuration

Name             Origin             Length             Attributes
RAM              0x0000000020000000 0x0000000000004000 xrw
FLASH            0x0000000008000000 0x0000000000020000 xr
*default*        0x0000000000000000 0xffffffffffffffff

Linker script and memory map

LOAD d:/stm32/stm32ide/stm32cubeide_1.3.0/stm32cubeide/plugins/com.st.stm32cube.ide.mcu.externaltools.gnu-tools-for-stm32.9-2020-q2-update.win32_1.5.0.202011040924/tools/bin/../lib/gcc/arm-none-eabi/9.3.1/thumb/v6-m/nofp/crti.o
LOAD d:/stm32/stm32ide/stm32cubeide_1.3.0/stm32cubeide/plugins/com.st.stm32cube.ide.mcu.externaltools.gnu-tools-for-stm32.9-2020-q2-update.win32_1.5.0.202011040924/tools/bin/../lib/gcc/arm-none-eabi/9.3.1/thumb/v6-m/nofp/crtbegin.o
LOAD d:/stm32/stm32ide/stm32cubeide_1.3.0/stm32cubeide/plugins/com.st.stm32cube.ide.mcu.externaltools.gnu-tools-for-stm32.9-2020-q2-update.win32_1.5.0.202011040924/tools/bin/../lib/gcc/arm-none-eabi/9.3.1/../../../../arm-none-eabi/lib/thumb/v6-m/nofp/crt0.o
LOAD Core/Src/main.o
LOAD Core/Src/stm32f0xx_hal_msp.o
LOAD Core/Src/stm32f0xx_it.o
LOAD Core/Src/syscalls.o
LOAD Core/Src/sysmem.o
LOAD Core/Src/system_stm32f0xx.o
LOAD Core/Startup/startup_stm32f070rbtx.o
LOAD Drivers/Modules/buttondriver.o
LOAD Drivers/Modules/leddriver.o
LOAD Drivers/STM32F0xx_HAL_Driver/Src/stm32f0xx_hal.o
LOAD Drivers/STM32F0xx_HAL_Driver/Src/stm32f0xx_hal_cortex.o
LOAD Drivers/STM32F0xx_HAL_Driver/Src/stm32f0xx_hal_dma.o
LOAD Drivers/STM32F0xx_HAL_Driver/Src/stm32f0xx_hal_exti.o
LOAD Drivers/STM32F0xx_HAL_Driver/Src/stm32f0xx_hal_flash.o
LOAD Drivers/STM32F0xx_HAL_Driver/Src/stm32f0xx_hal_flash_ex.o
LOAD Drivers/STM32F0xx_HAL_Driver/Src/stm32f0xx_hal_gpio.o
LOAD Drivers/STM32F0xx_HAL_Driver/Src/stm32f0xx_hal_i2c.o
LOAD Drivers/STM32F0xx_HAL_Driver/Src/stm32f0xx_hal_i2c_ex.o
LOAD Drivers/STM32F0xx_HAL_Driver/Src/stm32f0xx_hal_pwr.o
LOAD Drivers/STM32F0xx_HAL_Driver/Src/stm32f0xx_hal_pwr_ex.o
LOAD Drivers/STM32F0xx_HAL_Driver/Src/stm32f0xx_hal_rcc.o
LOAD Drivers/STM32F0xx_HAL_Driver/Src/stm32f0xx_hal_rcc_ex.o
LOAD Drivers/STM32F0xx_HAL_Driver/Src/stm32f0xx_hal_tim.o
LOAD Drivers/STM32F0xx_HAL_Driver/Src/stm32f0xx_hal_tim_ex.o
START GROUP
LOAD d:/stm32/stm32ide/stm32cubeide_1.3.0/stm32cubeide/plugins/com.st.stm32cube.ide.mcu.externaltools.gnu-tools-for-stm32.9-2020-q2-update.win32_1.5.0.202011040924/tools/bin/../lib/gcc/arm-none-eabi/9.3.1/../../../../arm-none-eabi/lib/thumb/v6-m/nofp\libc_nano.a
LOAD d:/stm32/stm32ide/stm32cubeide_1.3.0/stm32cubeide/plugins/com.st.stm32cube.ide.mcu.externaltools.gnu-tools-for-stm32.9-2020-q2-update.win32_1.5.0.202011040924/tools/bin/../lib/gcc/arm-none-eabi/9.3.1/../../../../arm-none-eabi/lib/thumb/v6-m/nofp\libm.a
END GROUP
START GROUP
LOAD d:/stm32/stm32ide/stm32cubeide_1.3.0/stm32cubeide/plugins/com.st.stm32cube.ide.mcu.externaltools.gnu-tools-for-stm32.9-2020-q2-update.win32_1.5.0.202011040924/tools/bin/../lib/gcc/arm-none-eabi/9.3.1/thumb/v6-m/nofp\libgcc.a
LOAD d:/stm32/stm32ide/stm32cubeide_1.3.0/stm32cubeide/plugins/com.st.stm32cube.ide.mcu.externaltools.gnu-tools-for-stm32.9-2020-q2-update.win32_1.5.0.202011040924/tools/bin/../lib/gcc/arm-none-eabi/9.3.1/../../../../arm-none-eabi/lib/thumb/v6-m/nofp\libc_nano.a
END GROUP
START GROUP
LOAD d:/stm32/stm32ide/stm32cubeide_1.3.0/stm32cubeide/plugins/com.st.stm32cube.ide.mcu.externaltools.gnu-tools-for-stm32.9-2020-q2-update.win32_1.5.0.202011040924/tools/bin/../lib/gcc/arm-none-eabi/9.3.1/thumb/v6-m/nofp\libgcc.a
LOAD d:/stm32/stm32ide/stm32cubeide_1.3.0/stm32cubeide/plugins/com.st.stm32cube.ide.mcu.externaltools.gnu-tools-for-stm32.9-2020-q2-update.win32_1.5.0.202011040924/tools/bin/../lib/gcc/arm-none-eabi/9.3.1/../../../../arm-none-eabi/lib/thumb/v6-m/nofp\libc_nano.a
LOAD d:/stm32/stm32ide/stm32cubeide_1.3.0/stm32cubeide/plugins/com.st.stm32cube.ide.mcu.externaltools.gnu-tools-for-stm32.9-2020-q2-update.win32_1.5.0.202011040924/tools/bin/../lib/gcc/arm-none-eabi/9.3.1/../../../../arm-none-eabi/lib/thumb/v6-m/nofp\libnosys.a
END GROUP
START GROUP
LOAD d:/stm32/stm32ide/stm32cubeide_1.3.0/stm32cubeide/plugins/com.st.stm32cube.ide.mcu.externaltools.gnu-tools-for-stm32.9-2020-q2-update.win32_1.5.0.202011040924/tools/bin/../lib/gcc/arm-none-eabi/9.3.1/thumb/v6-m/nofp\libgcc.a
LOAD d:/stm32/stm32ide/stm32cubeide_1.3.0/stm32cubeide/plugins/com.st.stm32cube.ide.mcu.externaltools.gnu-tools-for-stm32.9-2020-q2-update.win32_1.5.0.202011040924/tools/bin/../lib/gcc/arm-none-eabi/9.3.1/../../../../arm-none-eabi/lib/thumb/v6-m/nofp\libc_nano.a
LOAD d:/stm32/stm32ide/stm32cubeide_1.3.0/stm32cubeide/plugins/com.st.stm32cube.ide.mcu.externaltools.gnu-tools-for-stm32.9-2020-q2-update.win32_1.5.0.202011040924/tools/bin/../lib/gcc/arm-none-eabi/9.3.1/../../../../arm-none-eabi/lib/thumb/v6-m/nofp\libnosys.a
END GROUP
LOAD d:/stm32/stm32ide/stm32cubeide_1.3.0/stm32cubeide/plugins/com.st.stm32cube.ide.mcu.externaltools.gnu-tools-for-stm32.9-2020-q2-update.win32_1.5.0.202011040924/tools/bin/../lib/gcc/arm-none-eabi/9.3.1/thumb/v6-m/nofp/crtend.o
LOAD d:/stm32/stm32ide/stm32cubeide_1.3.0/stm32cubeide/plugins/com.st.stm32cube.ide.mcu.externaltools.gnu-tools-for-stm32.9-2020-q2-update.win32_1.5.0.202011040924/tools/bin/../lib/gcc/arm-none-eabi/9.3.1/thumb/v6-m/nofp/crtn.o
                0x0000000020004000                _estack = (ORIGIN (RAM) + LENGTH (RAM))
                0x0000000000000200                _Min_Heap_Size = 0x200
                0x0000000000000400                _Min_Stack_Size = 0x400

.isr_vector     0x0000000008000000       0xc0
                0x0000000008000000                . = ALIGN (0x4)
 *(.isr_vector)
 .isr_vector    0x0000000008000000       0xc0 Core/Startup/startup_stm32f070rbtx.o
                0x0000000008000000                g_pfnVectors
                0x00000000080000c0                . = ALIGN (0x4)

.text           0x00000000080000c0      0xf84
                0x00000000080000c0                . = ALIGN (0x4)
 *(.text)
 .text          0x00000000080000c0       0x48 d:/stm32/stm32ide/stm32cubeide_1.3.0/stm32cubeide/plugins/com.st.stm32cube.ide.mcu.externaltools.gnu-tools-for-stm32.9-2020-q2-update.win32_1.5.0.202011040924/tools/bin/../lib/gcc/arm-none-eabi/9.3.1/thumb/v6-m/nofp/crtbegin.o
 .text          0x0000000008000108      0x114 d:/stm32/stm32ide/stm32cubeide_1.3.0/stm32cubeide/plugins/com.st.stm32cube.ide.mcu.externaltools.gnu-tools-for-stm32.9-2020-q2-update.win32_1.5.0.202011040924/tools/bin/../lib/gcc/arm-none-eabi/9.3.1/thumb/v6-m/nofp\libgcc.a(_udivsi3.o)
                0x0000000008000108                __aeabi_uidiv
                0x0000000008000108                __udivsi3
                0x0000000008000214                __aeabi_uidivmod
 .text          0x000000000800021c        0x4 d:/stm32/stm32ide/stm32cubeide_1.3.0/stm32cubeide/plugins/com.st.stm32cube.ide.mcu.externaltools.gnu-tools-for-stm32.9-2020-q2-update.win32_1.5.0.202011040924/tools/bin/../lib/gcc/arm-none-eabi/9.3.1/thumb/v6-m/nofp\libgcc.a(_dvmd_tls.o)
                0x000000000800021c                __aeabi_idiv0
                0x000000000800021c                __aeabi_ldiv0
 *(.text*)
 .text.main     0x0000000008000220       0x3c Core/Src/main.o
                0x0000000008000220                main
 .text.SystemClock_Config
                0x000000000800025c       0x80 Core/Src/main.o
                0x000000000800025c                SystemClock_Config
 .text.Error_Handler
                0x00000000080002dc        0xa Core/Src/main.o
                0x00000000080002dc                Error_Handler
 *fill*         0x00000000080002e6        0x2 
 .text.HAL_MspInit
                0x00000000080002e8       0x48 Core/Src/stm32f0xx_hal_msp.o
                0x00000000080002e8                HAL_MspInit
 .text.NMI_Handler
                0x0000000008000330        0xa Core/Src/stm32f0xx_it.o
                0x0000000008000330                NMI_Handler
 .text.HardFault_Handler
                0x000000000800033a        0x6 Core/Src/stm32f0xx_it.o
                0x000000000800033a                HardFault_Handler
 .text.SVC_Handler
                0x0000000008000340        0xa Core/Src/stm32f0xx_it.o
                0x0000000008000340                SVC_Handler
 .text.PendSV_Handler
                0x000000000800034a        0xa Core/Src/stm32f0xx_it.o
                0x000000000800034a                PendSV_Handler
 .text.SysTick_Handler
                0x0000000008000354        0xe Core/Src/stm32f0xx_it.o
                0x0000000008000354                SysTick_Handler
 .text.SystemInit
                0x0000000008000362        0xa Core/Src/system_stm32f0xx.o
                0x0000000008000362                SystemInit
 .text.Reset_Handler
                0x000000000800036c       0x50 Core/Startup/startup_stm32f070rbtx.o
                0x000000000800036c                Reset_Handler
 .text.Default_Handler
                0x00000000080003bc        0x2 Core/Startup/startup_stm32f070rbtx.o
                0x00000000080003bc                TIM1_CC_IRQHandler
                0x00000000080003bc                TIM6_IRQHandler
                0x00000000080003bc                I2C1_IRQHandler
                0x00000000080003bc                SPI1_IRQHandler
                0x00000000080003bc                USART3_4_IRQHandler
                0x00000000080003bc                EXTI2_3_IRQHandler
                0x00000000080003bc                ADC1_IRQHandler
                0x00000000080003bc                I2C2_IRQHandler
                0x00000000080003bc                TIM17_IRQHandler
                0x00000000080003bc                RTC_IRQHandler
                0x00000000080003bc                TIM16_IRQHandler
                0x00000000080003bc                TIM3_IRQHandler
                0x00000000080003bc                EXTI4_15_IRQHandler
                0x00000000080003bc                RCC_IRQHandler
                0x00000000080003bc                DMA1_Channel1_IRQHandler
                0x00000000080003bc                Default_Handler
                0x00000000080003bc                TIM14_IRQHandler
                0x00000000080003bc                DMA1_Channel4_5_IRQHandler
                0x00000000080003bc                TIM7_IRQHandler
                0x00000000080003bc                TIM15_IRQHandler
                0x00000000080003bc                EXTI0_1_IRQHandler
                0x00000000080003bc                USB_IRQHandler
                0x00000000080003bc                SPI2_IRQHandler
                0x00000000080003bc                WWDG_IRQHandler
                0x00000000080003bc                DMA1_Channel2_3_IRQHandler
                0x00000000080003bc                USART2_IRQHandler
                0x00000000080003bc                FLASH_IRQHandler
                0x00000000080003bc                USART1_IRQHandler
                0x00000000080003bc                TIM1_BRK_UP_TRG_COM_IRQHandler
 *fill*         0x00000000080003be        0x2 
 .text.buttondriver_init
                0x00000000080003c0       0x40 Drivers/Modules/buttondriver.o
                0x00000000080003c0                buttondriver_init
 .text.buttondriver_get_state
                0x0000000008000400       0x20 Drivers/Modules/buttondriver.o
                0x0000000008000400                buttondriver_get_state
 .text.leddriver_init
                0x0000000008000420       0x74 Drivers/Modules/leddriver.o
                0x0000000008000420                leddriver_init
 .text.leddriver_on
                0x0000000008000494       0x12 Drivers/Modules/leddriver.o
                0x0000000008000494                leddriver_on
 .text.leddriver_off
                0x00000000080004a6       0x12 Drivers/Modules/leddriver.o
                0x00000000080004a6                leddriver_off
 .text.HAL_Init
                0x00000000080004b8       0x28 Drivers/STM32F0xx_HAL_Driver/Src/stm32f0xx_hal.o
                0x00000000080004b8                HAL_Init
 .text.HAL_InitTick
                0x00000000080004e0       0x68 Drivers/STM32F0xx_HAL_Driver/Src/stm32f0xx_hal.o
                0x00000000080004e0                HAL_InitTick
 .text.HAL_IncTick
                0x0000000008000548       0x24 Drivers/STM32F0xx_HAL_Driver/Src/stm32f0xx_hal.o
                0x0000000008000548                HAL_IncTick
 .text.HAL_GetTick
                0x000000000800056c       0x14 Drivers/STM32F0xx_HAL_Driver/Src/stm32f0xx_hal.o
                0x000000000800056c                HAL_GetTick
 .text.HAL_Delay
                0x0000000008000580       0x48 Drivers/STM32F0xx_HAL_Driver/Src/stm32f0xx_hal.o
                0x0000000008000580                HAL_Delay
 .text.__NVIC_SetPriority
                0x00000000080005c8       0xdc Drivers/STM32F0xx_HAL_Driver/Src/stm32f0xx_hal_cortex.o
 .text.SysTick_Config
                0x00000000080006a4       0x48 Drivers/STM32F0xx_HAL_Driver/Src/stm32f0xx_hal_cortex.o
 .text.HAL_NVIC_SetPriority
                0x00000000080006ec       0x2a Drivers/STM32F0xx_HAL_Driver/Src/stm32f0xx_hal_cortex.o
                0x00000000080006ec                HAL_NVIC_SetPriority
 .text.HAL_SYSTICK_Config
                0x0000000008000716       0x1a Drivers/STM32F0xx_HAL_Driver/Src/stm32f0xx_hal_cortex.o
                0x0000000008000716                HAL_SYSTICK_Config
 .text.HAL_RCC_OscConfig
                0x0000000008000730      0x63c Drivers/STM32F0xx_HAL_Driver/Src/stm32f0xx_hal_rcc.o
                0x0000000008000730                HAL_RCC_OscConfig
 .text.HAL_RCC_ClockConfig
                0x0000000008000d6c      0x19c Drivers/STM32F0xx_HAL_Driver/Src/stm32f0xx_hal_rcc.o
                0x0000000008000d6c                HAL_RCC_ClockConfig
 .text.HAL_RCC_GetSysClockFreq
                0x0000000008000f08       0xcc Drivers/STM32F0xx_HAL_Driver/Src/stm32f0xx_hal_rcc.o
                0x0000000008000f08                HAL_RCC_GetSysClockFreq
 .text.__libc_init_array
                0x0000000008000fd4       0x48 d:/stm32/stm32ide/stm32cubeide_1.3.0/stm32cubeide/plugins/com.st.stm32cube.ide.mcu.externaltools.gnu-tools-for-stm32.9-2020-q2-update.win32_1.5.0.202011040924/tools/bin/../lib/gcc/arm-none-eabi/9.3.1/../../../../arm-none-eabi/lib/thumb/v6-m/nofp\libc_nano.a(lib_a-init.o)
                0x0000000008000fd4                __libc_init_array
 .text.memset   0x000000000800101c       0x10 d:/stm32/stm32ide/stm32cubeide_1.3.0/stm32cubeide/plugins/com.st.stm32cube.ide.mcu.externaltools.gnu-tools-for-stm32.9-2020-q2-update.win32_1.5.0.202011040924/tools/bin/../lib/gcc/arm-none-eabi/9.3.1/../../../../arm-none-eabi/lib/thumb/v6-m/nofp\libc_nano.a(lib_a-memset.o)
                0x000000000800101c                memset
 *(.glue_7)
 .glue_7        0x000000000800102c        0x0 linker stubs
 *(.glue_7t)
 .glue_7t       0x000000000800102c        0x0 linker stubs
 *(.eh_frame)
 .eh_frame      0x000000000800102c        0x0 d:/stm32/stm32ide/stm32cubeide_1.3.0/stm32cubeide/plugins/com.st.stm32cube.ide.mcu.externaltools.gnu-tools-for-stm32.9-2020-q2-update.win32_1.5.0.202011040924/tools/bin/../lib/gcc/arm-none-eabi/9.3.1/thumb/v6-m/nofp/crtbegin.o
 *(.init)
 .init          0x000000000800102c        0x4 d:/stm32/stm32ide/stm32cubeide_1.3.0/stm32cubeide/plugins/com.st.stm32cube.ide.mcu.externaltools.gnu-tools-for-stm32.9-2020-q2-update.win32_1.5.0.202011040924/tools/bin/../lib/gcc/arm-none-eabi/9.3.1/thumb/v6-m/nofp/crti.o
                0x000000000800102c                _init
 .init          0x0000000008001030        0x8 d:/stm32/stm32ide/stm32cubeide_1.3.0/stm32cubeide/plugins/com.st.stm32cube.ide.mcu.externaltools.gnu-tools-for-stm32.9-2020-q2-update.win32_1.5.0.202011040924/tools/bin/../lib/gcc/arm-none-eabi/9.3.1/thumb/v6-m/nofp/crtn.o
 *(.fini)
 .fini          0x0000000008001038        0x4 d:/stm32/stm32ide/stm32cubeide_1.3.0/stm32cubeide/plugins/com.st.stm32cube.ide.mcu.externaltools.gnu-tools-for-stm32.9-2020-q2-update.win32_1.5.0.202011040924/tools/bin/../lib/gcc/arm-none-eabi/9.3.1/thumb/v6-m/nofp/crti.o
                0x0000000008001038                _fini
 .fini          0x000000000800103c        0x8 d:/stm32/stm32ide/stm32cubeide_1.3.0/stm32cubeide/plugins/com.st.stm32cube.ide.mcu.externaltools.gnu-tools-for-stm32.9-2020-q2-update.win32_1.5.0.202011040924/tools/bin/../lib/gcc/arm-none-eabi/9.3.1/thumb/v6-m/nofp/crtn.o
                0x0000000008001044                . = ALIGN (0x4)
                0x0000000008001044                _etext = .

.vfp11_veneer   0x0000000008001044        0x0
 .vfp11_veneer  0x0000000008001044        0x0 linker stubs

.v4_bx          0x0000000008001044        0x0
 .v4_bx         0x0000000008001044        0x0 linker stubs

.iplt           0x0000000008001044        0x0
 .iplt          0x0000000008001044        0x0 d:/stm32/stm32ide/stm32cubeide_1.3.0/stm32cubeide/plugins/com.st.stm32cube.ide.mcu.externaltools.gnu-tools-for-stm32.9-2020-q2-update.win32_1.5.0.202011040924/tools/bin/../lib/gcc/arm-none-eabi/9.3.1/thumb/v6-m/nofp/crtbegin.o

.rodata         0x0000000008001044       0x30
                0x0000000008001044                . = ALIGN (0x4)
 *(.rodata)
 .rodata        0x0000000008001044       0x20 Drivers/STM32F0xx_HAL_Driver/Src/stm32f0xx_hal_rcc.o
 *(.rodata*)
 .rodata.AHBPrescTable
                0x0000000008001064       0x10 Core/Src/system_stm32f0xx.o
                0x0000000008001064                AHBPrescTable
                0x0000000008001074                . = ALIGN (0x4)

.rel.dyn        0x0000000008001074        0x0
 .rel.iplt      0x0000000008001074        0x0 d:/stm32/stm32ide/stm32cubeide_1.3.0/stm32cubeide/plugins/com.st.stm32cube.ide.mcu.externaltools.gnu-tools-for-stm32.9-2020-q2-update.win32_1.5.0.202011040924/tools/bin/../lib/gcc/arm-none-eabi/9.3.1/thumb/v6-m/nofp/crtbegin.o

.ARM.extab      0x0000000008001074        0x0
                0x0000000008001074                . = ALIGN (0x4)
 *(.ARM.extab* .gnu.linkonce.armextab.*)
                0x0000000008001074                . = ALIGN (0x4)

.ARM            0x0000000008001074        0x0
                0x0000000008001074                . = ALIGN (0x4)
                0x0000000008001074                __exidx_start = .
 *(.ARM.exidx*)
                0x0000000008001074                __exidx_end = .
                0x0000000008001074                . = ALIGN (0x4)

.preinit_array  0x0000000008001074        0x0
                0x0000000008001074                . = ALIGN (0x4)
                0x0000000008001074                PROVIDE (__preinit_array_start = .)
 *(.preinit_array*)
                0x0000000008001074                PROVIDE (__preinit_array_end = .)
                0x0000000008001074                . = ALIGN (0x4)

.init_array     0x0000000008001074        0x4
                0x0000000008001074                . = ALIGN (0x4)
                0x0000000008001074                PROVIDE (__init_array_start = .)
 *(SORT_BY_NAME(.init_array.*))
 *(.init_array*)
 .init_array    0x0000000008001074        0x4 d:/stm32/stm32ide/stm32cubeide_1.3.0/stm32cubeide/plugins/com.st.stm32cube.ide.mcu.externaltools.gnu-tools-for-stm32.9-2020-q2-update.win32_1.5.0.202011040924/tools/bin/../lib/gcc/arm-none-eabi/9.3.1/thumb/v6-m/nofp/crtbegin.o
                0x0000000008001078                PROVIDE (__init_array_end = .)
                0x0000000008001078                . = ALIGN (0x4)

.fini_array     0x0000000008001078        0x4
                0x0000000008001078                . = ALIGN (0x4)
                [!provide]                        PROVIDE (__fini_array_start = .)
 *(SORT_BY_NAME(.fini_array.*))
 *(.fini_array*)
 .fini_array    0x0000000008001078        0x4 d:/stm32/stm32ide/stm32cubeide_1.3.0/stm32cubeide/plugins/com.st.stm32cube.ide.mcu.externaltools.gnu-tools-for-stm32.9-2020-q2-update.win32_1.5.0.202011040924/tools/bin/../lib/gcc/arm-none-eabi/9.3.1/thumb/v6-m/nofp/crtbegin.o
                [!provide]                        PROVIDE (__fini_array_end = .)
                0x000000000800107c                . = ALIGN (0x4)
                0x000000000800107c                _sidata = LOADADDR (.data)

.data           0x0000000020000000        0xc load address 0x000000000800107c
                0x0000000020000000                . = ALIGN (0x4)
                0x0000000020000000                _sdata = .
 *(.data)
 *(.data*)
 .data.SystemCoreClock
                0x0000000020000000        0x4 Core/Src/system_stm32f0xx.o
                0x0000000020000000                SystemCoreClock
 .data.uwTickPrio
                0x0000000020000004        0x4 Drivers/STM32F0xx_HAL_Driver/Src/stm32f0xx_hal.o
                0x0000000020000004                uwTickPrio
 .data.uwTickFreq
                0x0000000020000008        0x1 Drivers/STM32F0xx_HAL_Driver/Src/stm32f0xx_hal.o
                0x0000000020000008                uwTickFreq
                0x000000002000000c                . = ALIGN (0x4)
 *fill*         0x0000000020000009        0x3 
                0x000000002000000c                _edata = .

.igot.plt       0x000000002000000c        0x0 load address 0x0000000008001088
 .igot.plt      0x000000002000000c        0x0 d:/stm32/stm32ide/stm32cubeide_1.3.0/stm32cubeide/plugins/com.st.stm32cube.ide.mcu.externaltools.gnu-tools-for-stm32.9-2020-q2-update.win32_1.5.0.202011040924/tools/bin/../lib/gcc/arm-none-eabi/9.3.1/thumb/v6-m/nofp/crtbegin.o
                0x000000002000000c                . = ALIGN (0x4)

.bss            0x000000002000000c       0x20 load address 0x0000000008001088
                0x000000002000000c                _sbss = .
                0x000000002000000c                __bss_start__ = _sbss
 *(.bss)
 .bss           0x000000002000000c       0x1c d:/stm32/stm32ide/stm32cubeide_1.3.0/stm32cubeide/plugins/com.st.stm32cube.ide.mcu.externaltools.gnu-tools-for-stm32.9-2020-q2-update.win32_1.5.0.202011040924/tools/bin/../lib/gcc/arm-none-eabi/9.3.1/thumb/v6-m/nofp/crtbegin.o
 *(.bss*)
 *(COMMON)
 COMMON         0x0000000020000028        0x4 Drivers/STM32F0xx_HAL_Driver/Src/stm32f0xx_hal.o
                0x0000000020000028                uwTick
                0x000000002000002c                . = ALIGN (0x4)
                0x000000002000002c                _ebss = .
                0x000000002000002c                __bss_end__ = _ebss

._user_heap_stack
                0x000000002000002c      0x604 load address 0x0000000008001088
                0x0000000020000030                . = ALIGN (0x8)
 *fill*         0x000000002000002c        0x4 
                [!provide]                        PROVIDE (end = .)
                0x0000000020000030                PROVIDE (_end = .)
                0x0000000020000230                . = (. + _Min_Heap_Size)
 *fill*         0x0000000020000030      0x200 
                0x0000000020000630                . = (. + _Min_Stack_Size)
 *fill*         0x0000000020000230      0x400 
                0x0000000020000630                . = ALIGN (0x8)

/DISCARD/
 libc.a(*)
 libm.a(*)
 libgcc.a(*)

.ARM.attributes
                0x0000000000000000       0x28
 *(.ARM.attributes)
 .ARM.attributes
                0x0000000000000000       0x1e d:/stm32/stm32ide/stm32cubeide_1.3.0/stm32cubeide/plugins/com.st.stm32cube.ide.mcu.externaltools.gnu-tools-for-stm32.9-2020-q2-update.win32_1.5.0.202011040924/tools/bin/../lib/gcc/arm-none-eabi/9.3.1/thumb/v6-m/nofp/crti.o
 .ARM.attributes
                0x000000000000001e       0x2c d:/stm32/stm32ide/stm32cubeide_1.3.0/stm32cubeide/plugins/com.st.stm32cube.ide.mcu.externaltools.gnu-tools-for-stm32.9-2020-q2-update.win32_1.5.0.202011040924/tools/bin/../lib/gcc/arm-none-eabi/9.3.1/thumb/v6-m/nofp/crtbegin.o
 .ARM.attributes
                0x000000000000004a       0x2c Core/Src/main.o
 .ARM.attributes
                0x0000000000000076       0x2c Core/Src/stm32f0xx_hal_msp.o
 .ARM.attributes
                0x00000000000000a2       0x2c Core/Src/stm32f0xx_it.o
 .ARM.attributes
                0x00000000000000ce       0x2c Core/Src/system_stm32f0xx.o
 .ARM.attributes
                0x00000000000000fa       0x21 Core/Startup/startup_stm32f070rbtx.o
 .ARM.attributes
                0x000000000000011b       0x2c Drivers/Modules/buttondriver.o
 .ARM.attributes
                0x0000000000000147       0x2c Drivers/Modules/leddriver.o
 .ARM.attributes
                0x0000000000000173       0x2c Drivers/STM32F0xx_HAL_Driver/Src/stm32f0xx_hal.o
 .ARM.attributes
                0x000000000000019f       0x2c Drivers/STM32F0xx_HAL_Driver/Src/stm32f0xx_hal_cortex.o
 .ARM.attributes
                0x00000000000001cb       0x2c Drivers/STM32F0xx_HAL_Driver/Src/stm32f0xx_hal_rcc.o
 .ARM.attributes
                0x00000000000001f7       0x2c d:/stm32/stm32ide/stm32cubeide_1.3.0/stm32cubeide/plugins/com.st.stm32cube.ide.mcu.externaltools.gnu-tools-for-stm32.9-2020-q2-update.win32_1.5.0.202011040924/tools/bin/../lib/gcc/arm-none-eabi/9.3.1/../../../../arm-none-eabi/lib/thumb/v6-m/nofp\libc_nano.a(lib_a-init.o)
 .ARM.attributes
                0x0000000000000223       0x2c d:/stm32/stm32ide/stm32cubeide_1.3.0/stm32cubeide/plugins/com.st.stm32cube.ide.mcu.externaltools.gnu-tools-for-stm32.9-2020-q2-update.win32_1.5.0.202011040924/tools/bin/../lib/gcc/arm-none-eabi/9.3.1/../../../../arm-none-eabi/lib/thumb/v6-m/nofp\libc_nano.a(lib_a-memset.o)
 .ARM.attributes
                0x000000000000024f       0x1e d:/stm32/stm32ide/stm32cubeide_1.3.0/stm32cubeide/plugins/com.st.stm32cube.ide.mcu.externaltools.gnu-tools-for-stm32.9-2020-q2-update.win32_1.5.0.202011040924/tools/bin/../lib/gcc/arm-none-eabi/9.3.1/thumb/v6-m/nofp\libgcc.a(_udivsi3.o)
 .ARM.attributes
                0x000000000000026d       0x1e d:/stm32/stm32ide/stm32cubeide_1.3.0/stm32cubeide/plugins/com.st.stm32cube.ide.mcu.externaltools.gnu-tools-for-stm32.9-2020-q2-update.win32_1.5.0.202011040924/tools/bin/../lib/gcc/arm-none-eabi/9.3.1/thumb/v6-m/nofp\libgcc.a(_dvmd_tls.o)
 .ARM.attributes
                0x000000000000028b       0x1e d:/stm32/stm32ide/stm32cubeide_1.3.0/stm32cubeide/plugins/com.st.stm32cube.ide.mcu.externaltools.gnu-tools-for-stm32.9-2020-q2-update.win32_1.5.0.202011040924/tools/bin/../lib/gcc/arm-none-eabi/9.3.1/thumb/v6-m/nofp/crtn.o
OUTPUT(stm32_register_001.elf elf32-littlearm)
LOAD linker stubs
LOAD d:/stm32/stm32ide/stm32cubeide_1.3.0/stm32cubeide/plugins/com.st.stm32cube.ide.mcu.externaltools.gnu-tools-for-stm32.9-2020-q2-update.win32_1.5.0.202011040924/tools/bin/../lib/gcc/arm-none-eabi/9.3.1/../../../../arm-none-eabi/lib/thumb/v6-m/nofp\libc.a
LOAD d:/stm32/stm32ide/stm32cubeide_1.3.0/stm32cubeide/plugins/com.st.stm32cube.ide.mcu.externaltools.gnu-tools-for-stm32.9-2020-q2-update.win32_1.5.0.202011040924/tools/bin/../lib/gcc/arm-none-eabi/9.3.1/../../../../arm-none-eabi/lib/thumb/v6-m/nofp\libm.a
LOAD d:/stm32/stm32ide/stm32cubeide_1.3.0/stm32cubeide/plugins/com.st.stm32cube.ide.mcu.externaltools.gnu-tools-for-stm32.9-2020-q2-update.win32_1.5.0.202011040924/tools/bin/../lib/gcc/arm-none-eabi/9.3.1/thumb/v6-m/nofp\libgcc.a

.debug_info     0x0000000000000000     0x2781
 .debug_info    0x0000000000000000      0x301 Core/Src/main.o
 .debug_info    0x0000000000000301      0x27d Core/Src/stm32f0xx_hal_msp.o
 .debug_info    0x000000000000057e      0x1b3 Core/Src/stm32f0xx_it.o
 .debug_info    0x0000000000000731      0x2c3 Core/Src/system_stm32f0xx.o
 .debug_info    0x00000000000009f4       0x22 Core/Startup/startup_stm32f070rbtx.o
 .debug_info    0x0000000000000a16      0x309 Drivers/Modules/buttondriver.o
 .debug_info    0x0000000000000d1f      0x317 Drivers/Modules/leddriver.o
 .debug_info    0x0000000000001036      0x6ee Drivers/STM32F0xx_HAL_Driver/Src/stm32f0xx_hal.o
 .debug_info    0x0000000000001724      0x7d0 Drivers/STM32F0xx_HAL_Driver/Src/stm32f0xx_hal_cortex.o
 .debug_info    0x0000000000001ef4      0x88d Drivers/STM32F0xx_HAL_Driver/Src/stm32f0xx_hal_rcc.o

.debug_abbrev   0x0000000000000000      0xe04
 .debug_abbrev  0x0000000000000000      0x152 Core/Src/main.o
 .debug_abbrev  0x0000000000000152      0x11d Core/Src/stm32f0xx_hal_msp.o
 .debug_abbrev  0x000000000000026f       0xd2 Core/Src/stm32f0xx_it.o
 .debug_abbrev  0x0000000000000341      0x145 Core/Src/system_stm32f0xx.o
 .debug_abbrev  0x0000000000000486       0x12 Core/Startup/startup_stm32f070rbtx.o
 .debug_abbrev  0x0000000000000498      0x141 Drivers/Modules/buttondriver.o
 .debug_abbrev  0x00000000000005d9      0x129 Drivers/Modules/leddriver.o
 .debug_abbrev  0x0000000000000702      0x21e Drivers/STM32F0xx_HAL_Driver/Src/stm32f0xx_hal.o
 .debug_abbrev  0x0000000000000920      0x2a9 Drivers/STM32F0xx_HAL_Driver/Src/stm32f0xx_hal_cortex.o
 .debug_abbrev  0x0000000000000bc9      0x23b Drivers/STM32F0xx_HAL_Driver/Src/stm32f0xx_hal_rcc.o

.debug_aranges  0x0000000000000000      0x348
 .debug_aranges
                0x0000000000000000       0x30 Core/Src/main.o
 .debug_aranges
                0x0000000000000030       0x20 Core/Src/stm32f0xx_hal_msp.o
 .debug_aranges
                0x0000000000000050       0x40 Core/Src/stm32f0xx_it.o
 .debug_aranges
                0x0000000000000090       0x28 Core/Src/system_stm32f0xx.o
 .debug_aranges
                0x00000000000000b8       0x28 Core/Startup/startup_stm32f070rbtx.o
 .debug_aranges
                0x00000000000000e0       0x28 Drivers/Modules/buttondriver.o
 .debug_aranges
                0x0000000000000108       0x30 Drivers/Modules/leddriver.o
 .debug_aranges
                0x0000000000000138       0xd0 Drivers/STM32F0xx_HAL_Driver/Src/stm32f0xx_hal.o
 .debug_aranges
                0x0000000000000208       0xc0 Drivers/STM32F0xx_HAL_Driver/Src/stm32f0xx_hal_cortex.o
 .debug_aranges
                0x00000000000002c8       0x80 Drivers/STM32F0xx_HAL_Driver/Src/stm32f0xx_hal_rcc.o

.debug_ranges   0x0000000000000000      0x2b0
 .debug_ranges  0x0000000000000000       0x20 Core/Src/main.o
 .debug_ranges  0x0000000000000020       0x10 Core/Src/stm32f0xx_hal_msp.o
 .debug_ranges  0x0000000000000030       0x30 Core/Src/stm32f0xx_it.o
 .debug_ranges  0x0000000000000060       0x18 Core/Src/system_stm32f0xx.o
 .debug_ranges  0x0000000000000078       0x20 Core/Startup/startup_stm32f070rbtx.o
 .debug_ranges  0x0000000000000098       0x18 Drivers/Modules/buttondriver.o
 .debug_ranges  0x00000000000000b0       0x20 Drivers/Modules/leddriver.o
 .debug_ranges  0x00000000000000d0       0xc0 Drivers/STM32F0xx_HAL_Driver/Src/stm32f0xx_hal.o
 .debug_ranges  0x0000000000000190       0xb0 Drivers/STM32F0xx_HAL_Driver/Src/stm32f0xx_hal_cortex.o
 .debug_ranges  0x0000000000000240       0x70 Drivers/STM32F0xx_HAL_Driver/Src/stm32f0xx_hal_rcc.o

.debug_macro    0x0000000000000000     0xea3d
 .debug_macro   0x0000000000000000      0x1b8 Core/Src/main.o
 .debug_macro   0x00000000000001b8      0xa7e Core/Src/main.o
 .debug_macro   0x0000000000000c36      0x127 Core/Src/main.o
 .debug_macro   0x0000000000000d5d       0x2e Core/Src/main.o
 .debug_macro   0x0000000000000d8b       0x22 Core/Src/main.o
 .debug_macro   0x0000000000000dad       0x22 Core/Src/main.o
 .debug_macro   0x0000000000000dcf       0x8e Core/Src/main.o
 .debug_macro   0x0000000000000e5d       0x51 Core/Src/main.o
 .debug_macro   0x0000000000000eae      0x103 Core/Src/main.o
 .debug_macro   0x0000000000000fb1       0x6a Core/Src/main.o
 .debug_macro   0x000000000000101b      0x1df Core/Src/main.o
 .debug_macro   0x00000000000011fa       0x1c Core/Src/main.o
 .debug_macro   0x0000000000001216       0x22 Core/Src/main.o
 .debug_macro   0x0000000000001238       0xb5 Core/Src/main.o
 .debug_macro   0x00000000000012ed      0x391 Core/Src/main.o
 .debug_macro   0x000000000000167e     0x764e Core/Src/main.o
 .debug_macro   0x0000000000008ccc       0x3c Core/Src/main.o
 .debug_macro   0x0000000000008d08     0x3461 Core/Src/main.o
 .debug_macro   0x000000000000c169      0x174 Core/Src/main.o
 .debug_macro   0x000000000000c2dd       0x55 Core/Src/main.o
 .debug_macro   0x000000000000c332      0x924 Core/Src/main.o
 .debug_macro   0x000000000000cc56      0x289 Core/Src/main.o
 .debug_macro   0x000000000000cedf      0x12f Core/Src/main.o
 .debug_macro   0x000000000000d00e      0x130 Core/Src/main.o
 .debug_macro   0x000000000000d13e      0x1a0 Core/Src/main.o
 .debug_macro   0x000000000000d2de      0x1f4 Core/Src/main.o
 .debug_macro   0x000000000000d4d2       0x34 Core/Src/main.o
 .debug_macro   0x000000000000d506       0x43 Core/Src/main.o
 .debug_macro   0x000000000000d549       0x28 Core/Src/main.o
 .debug_macro   0x000000000000d571       0xb0 Core/Src/main.o
 .debug_macro   0x000000000000d621      0x217 Core/Src/main.o
 .debug_macro   0x000000000000d838      0x22c Core/Src/main.o
 .debug_macro   0x000000000000da64       0x60 Core/Src/main.o
 .debug_macro   0x000000000000dac4       0xa5 Core/Src/main.o
 .debug_macro   0x000000000000db69       0x4c Core/Src/main.o
 .debug_macro   0x000000000000dbb5       0x49 Core/Src/main.o
 .debug_macro   0x000000000000dbfe      0x11b Core/Src/main.o
 .debug_macro   0x000000000000dd19      0x1a4 Core/Src/stm32f0xx_hal_msp.o
 .debug_macro   0x000000000000debd      0x1ae Core/Src/stm32f0xx_it.o
 .debug_macro   0x000000000000e06b      0x19a Core/Src/system_stm32f0xx.o
 .debug_macro   0x000000000000e205      0x19a Drivers/Modules/buttondriver.o
 .debug_macro   0x000000000000e39f      0x19a Drivers/Modules/leddriver.o
 .debug_macro   0x000000000000e539      0x1be Drivers/STM32F0xx_HAL_Driver/Src/stm32f0xx_hal.o
 .debug_macro   0x000000000000e6f7      0x19a Drivers/STM32F0xx_HAL_Driver/Src/stm32f0xx_hal_cortex.o
 .debug_macro   0x000000000000e891      0x1ac Drivers/STM32F0xx_HAL_Driver/Src/stm32f0xx_hal_rcc.o

.debug_line     0x0000000000000000     0x4a8a
 .debug_line    0x0000000000000000      0x75f Core/Src/main.o
 .debug_line    0x000000000000075f      0x6af Core/Src/stm32f0xx_hal_msp.o
 .debug_line    0x0000000000000e0e      0x70d Core/Src/stm32f0xx_it.o
 .debug_line    0x000000000000151b      0x723 Core/Src/system_stm32f0xx.o
 .debug_line    0x0000000000001c3e       0x89 Core/Startup/startup_stm32f070rbtx.o
 .debug_line    0x0000000000001cc7      0x6ca Drivers/Modules/buttondriver.o
 .debug_line    0x0000000000002391      0x6e1 Drivers/Modules/leddriver.o
 .debug_line    0x0000000000002a72      0x929 Drivers/STM32F0xx_HAL_Driver/Src/stm32f0xx_hal.o
 .debug_line    0x000000000000339b      0x9d5 Drivers/STM32F0xx_HAL_Driver/Src/stm32f0xx_hal_cortex.o
 .debug_line    0x0000000000003d70      0xd1a Drivers/STM32F0xx_HAL_Driver/Src/stm32f0xx_hal_rcc.o

.debug_str      0x0000000000000000    0x5788e
 .debug_str     0x0000000000000000    0x56d6e Core/Src/main.o
                                      0x56fdd (size before relaxing)
 .debug_str     0x0000000000056d6e       0x86 Core/Src/stm32f0xx_hal_msp.o
                                      0x56ebb (size before relaxing)
 .debug_str     0x0000000000056df4       0x76 Core/Src/stm32f0xx_it.o
                                      0x56eab (size before relaxing)
 .debug_str     0x0000000000056e6a       0x5f Core/Src/system_stm32f0xx.o
                                      0x56edd (size before relaxing)
 .debug_str     0x0000000000056ec9       0x36 Core/Startup/startup_stm32f070rbtx.o
                                         0x5e (size before relaxing)
 .debug_str     0x0000000000056eff       0x7d Drivers/Modules/buttondriver.o
                                      0x56efb (size before relaxing)
 .debug_str     0x0000000000056f7c       0x49 Drivers/Modules/leddriver.o
                                      0x56ef9 (size before relaxing)
 .debug_str     0x0000000000056fc5      0x454 Drivers/STM32F0xx_HAL_Driver/Src/stm32f0xx_hal.o
                                      0x57406 (size before relaxing)
 .debug_str     0x0000000000057419      0x204 Drivers/STM32F0xx_HAL_Driver/Src/stm32f0xx_hal_cortex.o
                                      0x572be (size before relaxing)
 .debug_str     0x000000000005761d      0x271 Drivers/STM32F0xx_HAL_Driver/Src/stm32f0xx_hal_rcc.o
                                      0x572e7 (size before relaxing)

.comment        0x0000000000000000       0x53
 .comment       0x0000000000000000       0x53 Core/Src/main.o
                                         0x54 (size before relaxing)
 .comment       0x0000000000000053       0x54 Core/Src/stm32f0xx_hal_msp.o
 .comment       0x0000000000000053       0x54 Core/Src/stm32f0xx_it.o
 .comment       0x0000000000000053       0x54 Core/Src/system_stm32f0xx.o
 .comment       0x0000000000000053       0x54 Drivers/Modules/buttondriver.o
 .comment       0x0000000000000053       0x54 Drivers/Modules/leddriver.o
 .comment       0x0000000000000053       0x54 Drivers/STM32F0xx_HAL_Driver/Src/stm32f0xx_hal.o
 .comment       0x0000000000000053       0x54 Drivers/STM32F0xx_HAL_Driver/Src/stm32f0xx_hal_cortex.o
 .comment       0x0000000000000053       0x54 Drivers/STM32F0xx_HAL_Driver/Src/stm32f0xx_hal_rcc.o

.debug_frame    0x0000000000000000      0x974
 .debug_frame   0x0000000000000000       0x68 Core/Src/main.o
 .debug_frame   0x0000000000000068       0x30 Core/Src/stm32f0xx_hal_msp.o
 .debug_frame   0x0000000000000098       0x9c Core/Src/stm32f0xx_it.o
 .debug_frame   0x0000000000000134       0x4c Core/Src/system_stm32f0xx.o
 .debug_frame   0x0000000000000180       0x48 Drivers/Modules/buttondriver.o
 .debug_frame   0x00000000000001c8       0x64 Drivers/Modules/leddriver.o
 .debug_frame   0x000000000000022c      0x2a4 Drivers/STM32F0xx_HAL_Driver/Src/stm32f0xx_hal.o
 .debug_frame   0x00000000000004d0      0x2a0 Drivers/STM32F0xx_HAL_Driver/Src/stm32f0xx_hal_cortex.o
 .debug_frame   0x0000000000000770      0x198 Drivers/STM32F0xx_HAL_Driver/Src/stm32f0xx_hal_rcc.o
 .debug_frame   0x0000000000000908       0x2c d:/stm32/stm32ide/stm32cubeide_1.3.0/stm32cubeide/plugins/com.st.stm32cube.ide.mcu.externaltools.gnu-tools-for-stm32.9-2020-q2-update.win32_1.5.0.202011040924/tools/bin/../lib/gcc/arm-none-eabi/9.3.1/../../../../arm-none-eabi/lib/thumb/v6-m/nofp\libc_nano.a(lib_a-init.o)
 .debug_frame   0x0000000000000934       0x20 d:/stm32/stm32ide/stm32cubeide_1.3.0/stm32cubeide/plugins/com.st.stm32cube.ide.mcu.externaltools.gnu-tools-for-stm32.9-2020-q2-update.win32_1.5.0.202011040924/tools/bin/../lib/gcc/arm-none-eabi/9.3.1/../../../../arm-none-eabi/lib/thumb/v6-m/nofp\libc_nano.a(lib_a-memset.o)
 .debug_frame   0x0000000000000954       0x20 d:/stm32/stm32ide/stm32cubeide_1.3.0/stm32cubeide/plugins/com.st.stm32cube.ide.mcu.externaltools.gnu-tools-for-stm32.9-2020-q2-update.win32_1.5.0.202011040924/tools/bin/../lib/gcc/arm-none-eabi/9.3.1/thumb/v6-m/nofp\libgcc.a(_udivsi3.o)
